I'm sorry, but errors were detected in your script. Please correct the
errors listed below, and try again.


File "game/script/etc/gui.rpy", line 71: expected statement.
    <<<<<<< HEAD
                ^

File "game/script/etc/gui.rpy", line 76: expected statement.
    =======
          ^

File "game/script/etc/gui.rpy", line 81: expected statement.
    >>>>>>> 896344c24ea4827a67c712c39bc876c74e71b08d
                                                    ^

Ren'Py Version: Ren'Py 6.99.12.4.2187
